// Jest Snapshot v1, https://goo.gl/fbAQLP

exports[`TodoList renders without crashing 1`] = `
<Fragment>
  <Connect(withRouter(Header)) />
  <styled.h2>
    Orders TodoList
  </styled.h2>
  <Overview
    items={
      Array [
        Object {
          "nbr": 0,
          "primaryColor": "#673AB7",
          "secondaryColor": "#7E57C2",
          "title": "ORDERS",
        },
        Object {
          "nbr": 0,
          "primaryColor": "#2196F3",
          "secondaryColor": "#42A5F5",
          "title": "ASSIGNED",
        },
        Object {
          "nbr": 0,
          "primaryColor": "#009688",
          "secondaryColor": "#26A69A",
          "title": "PICKED_UP",
        },
        Object {
          "nbr": 0,
          "primaryColor": "#4CAF50",
          "secondaryColor": "#66BB6A",
          "title": "DELIVERED",
        },
      ]
    }
  />
  <Table
    body={Array []}
    header={
      Array [
        "#",
        "ID",
        "Origin",
        "Destination",
        "Pick Up",
        "Delivery",
      ]
    }
  />
</Fragment>
`;
